compilation de 108 executables...
ok cpu 1 10 50
ok cpu 1 10 100
ok cpu 1 10 500
ok cpu 1 50 50
ok cpu 1 50 100
ok cpu 1 50 500
ok cpu 1 100 50
ok cpu 1 100 100
ok cpu 1 100 500
ok cpu 2 10 50
ok cpu 2 10 100
ok cpu 2 10 500
ok cpu 2 50 50
ok cpu 2 50 100
ok cpu 2 50 500
ok cpu 2 100 50
ok cpu 2 100 100
ok cpu 2 100 500
ok cpu 3 10 50
ok cpu 3 10 100
ok cpu 3 10 500
ok cpu 3 50 50
ok cpu 3 50 100
ok cpu 3 50 500
ok cpu 3 100 50
ok cpu 3 100 100
ok cpu 3 100 500
ok cpu 4 10 50
ok cpu 4 10 100
ok cpu 4 10 500
ok cpu 4 50 50
ok cpu 4 50 100
ok cpu 4 50 500
ok cpu 4 100 50
ok cpu 4 100 100
ok cpu 4 100 500
ok gpu 1 10 50
ok gpu 1 10 100
ok gpu 1 10 500
ok gpu 1 50 50
ok gpu 1 50 100
ok gpu 1 50 500
ok gpu 1 100 50
ok gpu 1 100 100
ok gpu 1 100 500
ok gpu 2 10 50
ok gpu 2 10 100
ok gpu 2 10 500
ok gpu 2 50 50
ok gpu 2 50 100
ok gpu 2 50 500
ok gpu 2 100 50
ok gpu 2 100 100
ok gpu 2 100 500
ok gpu 3 10 50
ok gpu 3 10 100
ok gpu 3 10 500
ok gpu 3 50 50
ok gpu 3 50 100
ok gpu 3 50 500
ok gpu 3 100 50
ok gpu 3 100 100
ok gpu 3 100 500
ok gpu 4 10 50
ok gpu 4 10 100
ok gpu 4 10 500
ok gpu 4 50 50
ok gpu 4 50 100
ok gpu 4 50 500
ok gpu 4 100 50
ok gpu 4 100 100
ok gpu 4 100 500
ok pso 1 10 50
ok pso 1 10 100
ok pso 1 10 500
ok pso 1 50 50
ok pso 1 50 100
ok pso 1 50 500
ok pso 1 100 50
ok pso 1 100 100
ok pso 1 100 500
ok pso 2 10 50
ok pso 2 10 100
ok pso 2 10 500
ok pso 2 50 50
ok pso 2 50 100
ok pso 2 50 500
ok pso 2 100 50
ok pso 2 100 100
ok pso 2 100 500
ok pso 3 10 50
ok pso 3 10 100
ok pso 3 10 500
ok pso 3 50 50
ok pso 3 50 100
ok pso 3 50 500
ok pso 3 100 50
ok pso 3 100 100
ok pso 3 100 500
ok pso 4 10 50
ok pso 4 10 100
ok pso 4 10 500
ok pso 4 50 50
ok pso 4 50 100
ok pso 4 50 500
ok pso 4 100 50
ok pso 4 100 100
ok pso 4 100 500
